Forge Auto Renaming Tool v2.0.4
lib: /Users/dem/Desktop/CloudCode/Brain/herb-smoking-forge/build/moddev/artifacts/forge-1.20.1-47.2.0.jar
lib: /Users/dem/.gradle/caches/modules-2/files-2.1/cpw.mods/securejarhandler/2.1.10/51e6a22c6c716beb11e244bf5b8be480f51dd6b5/securejarhandler-2.1.10.jar
lib: /Users/dem/.gradle/caches/modules-2/files-2.1/net.minecraftforge/fmlloader/1.20.1-47.2.0/7811231940c0a8b6008453bbc64fdf7fa1280fe9/fmlloader-1.20.1-47.2.0.jar
lib: /Users/dem/.gradle/caches/modules-2/files-2.1/cpw.mods/modlauncher/10.0.9/6d9443f56f50bb85cea383686ff9c867391458b/modlauncher-10.0.9.jar
lib: /Users/dem/.gradle/caches/modules-2/files-2.1/org.openjdk.nashorn/nashorn-core/15.3/43977e804697048fc8d81d333a36c17d07a5b3dd/nashorn-core-15.3.jar
lib: /Users/dem/.gradle/caches/modules-2/files-2.1/org.ow2.asm/asm-commons/9.5/19ab5b5800a3910d30d3a3e64fdb00fd0cb42de0/asm-commons-9.5.jar
lib: /Users/dem/.gradle/caches/modules-2/files-2.1/org.ow2.asm/asm-util/9.5/64b5a1fc8c1b15ed2efd6a063e976bc8d3dc5ffe/asm-util-9.5.jar
lib: /Users/dem/.gradle/caches/modules-2/files-2.1/org.ow2.asm/asm-analysis/9.5/490bacc77de7cbc0be1a30bb3471072d705be4a4/asm-analysis-9.5.jar
lib: /Users/dem/.gradle/caches/modules-2/files-2.1/org.ow2.asm/asm-tree/9.5/fd33c8b6373abaa675be407082fdfda35021254a/asm-tree-9.5.jar
lib: /Users/dem/.gradle/caches/modules-2/files-2.1/org.ow2.asm/asm/9.5/dc6ea1875f4d64fbc85e1691c95b96a3d8569c90/asm-9.5.jar
lib: /Users/dem/.gradle/caches/modules-2/files-2.1/net.minecraftforge/accesstransformers/8.0.4/272d240aa73f42195b2a68e2ebd8b701ecf41f63/accesstransformers-8.0.4.jar
lib: /Users/dem/.gradle/caches/modules-2/files-2.1/org.antlr/antlr4/4.9.1/e92af8ab33e428461927b484e90bb155a4f3a052/antlr4-4.9.1.jar
lib: /Users/dem/.gradle/caches/modules-2/files-2.1/org.antlr/antlr4-runtime/4.9.1/428664f05d2b7f7b7610204b5aa7c1763f62011a/antlr4-runtime-4.9.1.jar
lib: /Users/dem/.gradle/caches/modules-2/files-2.1/net.minecraftforge/fmlcore/1.20.1-47.2.0/ffd3c6debac0a388c9e33ac43c9f5eafb91cb466/fmlcore-1.20.1-47.2.0.jar
lib: /Users/dem/.gradle/caches/modules-2/files-2.1/net.minecraftforge/eventbus/6.0.5/699143dd438431d06b57416944f7cedbe52e1475/eventbus-6.0.5.jar
lib: /Users/dem/.gradle/caches/modules-2/files-2.1/net.minecraftforge/forgespi/7.0.1/3b4972a0cdb135853dba219be61a79b22cff1309/forgespi-7.0.1.jar
lib: /Users/dem/.gradle/caches/modules-2/files-2.1/net.minecraftforge/coremods/5.0.1/386b00279628b105b2d507539c46e134e96f6237/coremods-5.0.1.jar
lib: /Users/dem/.gradle/caches/modules-2/files-2.1/net.minecraftforge/unsafe/0.2.0/54d7a0a5e8fdb71b973025caa46f341ae5904f39/unsafe-0.2.0.jar
lib: /Users/dem/.gradle/caches/modules-2/files-2.1/net.minecraftforge/mergetool/1.1.5/e31dad26696043b540681aabc93e2001a1a2cd44/mergetool-1.1.5.jar
lib: /Users/dem/.gradle/caches/modules-2/files-2.1/net.minecraftforge/mergetool/1.1.5/f3da18e12c696d35a47c82cbb2cc8b5aa15e1154/mergetool-1.1.5-api.jar
lib: /Users/dem/.gradle/caches/modules-2/files-2.1/com.electronwill.night-config/toml/3.6.4/51d6cefb2b55ee55ee26b16391212fb2c7dfb4f4/toml-3.6.4.jar
lib: /Users/dem/.gradle/caches/modules-2/files-2.1/com.electronwill.night-config/core/3.6.4/510f174abbf1c947494db50ef2445683bd52c230/core-3.6.4.jar
lib: /Users/dem/.gradle/caches/modules-2/files-2.1/net.minecraftforge/JarJarSelector/0.3.19/376cc9c8ea60720cf027c01fc033de915699801c/JarJarSelector-0.3.19.jar
lib: /Users/dem/.gradle/caches/modules-2/files-2.1/net.minecraftforge/JarJarMetadata/0.3.19/83feaa9b770e6ac0e96ee4fc23fa89325c5fe2/JarJarMetadata-0.3.19.jar
lib: /Users/dem/.gradle/caches/modules-2/files-2.1/org.apache.maven/maven-artifact/3.8.5/4433f50c07debefaed0553bd0068f4f48d449313/maven-artifact-3.8.5.jar
lib: /Users/dem/.gradle/caches/modules-2/files-2.1/net.jodah/typetools/0.6.3/a01aaa6ddaea9ec07ec4f209487b7a46a526283a/typetools-0.6.3.jar
lib: /Users/dem/.gradle/caches/modules-2/files-2.1/net.minecrell/terminalconsoleappender/1.2.0/96d02cd3b384ff015a8fef4223bcb4ccf1717c95/terminalconsoleappender-1.2.0.jar
lib: /Users/dem/.gradle/caches/modules-2/files-2.1/org.jline/jline-reader/3.12.1/4382ab1382c7b6f379377ed5f665dc2f6e1218bc/jline-reader-3.12.1.jar
lib: /Users/dem/.gradle/caches/modules-2/files-2.1/org.jline/jline-terminal/3.12.1/c777448314e050d980a6b697c140f3bfe9eb7416/jline-terminal-3.12.1.jar
lib: /Users/dem/.gradle/caches/modules-2/files-2.1/org.spongepowered/mixin/0.8.5/9d1c0c3a304ae6697ecd477218fa61b850bf57fc/mixin-0.8.5.jar
lib: /Users/dem/.gradle/caches/modules-2/files-2.1/cpw.mods/bootstraplauncher/1.1.2/c546e00443d8432cda6baa1c860346980742628/bootstraplauncher-1.1.2.jar
lib: /Users/dem/.gradle/caches/modules-2/files-2.1/net.minecraftforge/JarJarFileSystems/0.3.19/2464eb7d6b9ddb9db36a82cf8a95193e5c6fe020/JarJarFileSystems-0.3.19.jar
lib: /Users/dem/.gradle/caches/modules-2/files-2.1/net.minecraftforge/fmlearlydisplay/1.20.1-47.2.0/4c56a03dcedcb909c7eaa8469dd5a36c493a0008/fmlearlydisplay-1.20.1-47.2.0.jar
lib: /Users/dem/.gradle/caches/modules-2/files-2.1/net.minecraftforge/javafmllanguage/1.20.1-47.2.0/7f9181f85acc66547685a72020713fc8cbde98/javafmllanguage-1.20.1-47.2.0.jar
lib: /Users/dem/.gradle/caches/modules-2/files-2.1/net.minecraftforge/lowcodelanguage/1.20.1-47.2.0/7872f5205685fdd26fae39b1be79b0e60ca5b7bd/lowcodelanguage-1.20.1-47.2.0.jar
lib: /Users/dem/.gradle/caches/modules-2/files-2.1/net.minecraftforge/mclanguage/1.20.1-47.2.0/d501d161cabed08b3c139a2c6217b02a39f3c3e9/mclanguage-1.20.1-47.2.0.jar
lib: /Users/dem/.gradle/caches/modules-2/resources-2.1/38/c7d29380ddb38becad7c0819b5b325e43bca23f0/mcp_config-1.20.1.zip
lib: /Users/dem/.gradle/caches/modules-2/files-2.1/org.codehaus.plexus/plexus-utils/3.3.0/cf43b5391de623b36fe066a21127baef82c64022/plexus-utils-3.3.0.jar
lib: /Users/dem/.gradle/caches/modules-2/files-2.1/org.apache.commons/commons-lang3/3.12.0/c6842c86792ff03b9f1d1fe2aab8dc23aa6c6f0e/commons-lang3-3.12.0.jar
lib: /Users/dem/.gradle/caches/modules-2/files-2.1/org.apache.logging.log4j/log4j-core/2.8.1/4ac28ff2f1ddf05dae3043a190451e8c46b73c31/log4j-core-2.8.1.jar
lib: /Users/dem/.gradle/caches/modules-2/files-2.1/com.google.code.gson/gson/2.10/dd9b193aef96e973d5a11ab13cd17430c2e4306b/gson-2.10.jar
lib: /Users/dem/.gradle/caches/modules-2/files-2.1/com.google.guava/guava/31.1-jre/60458f877d055d0c9114d9e1a2efb737b4bc282c/guava-31.1-jre.jar
lib: /Users/dem/.gradle/caches/modules-2/files-2.1/com.machinezoo.noexception/noexception/1.7.1/b65330c98e38a1f915fa54a6e5eca496505e3f0a/noexception-1.7.1.jar
lib: /Users/dem/.gradle/caches/modules-2/files-2.1/org.slf4j/slf4j-api/1.8.0-beta4/83b0359d847ee053d745be7ec0d8e9e8a44304b4/slf4j-api-1.8.0-beta4.jar
lib: /Users/dem/.gradle/caches/modules-2/files-2.1/org.apache.logging.log4j/log4j-api/2.19.0/ea1b37f38c327596b216542bc636cfdc0b8036fa/log4j-api-2.19.0.jar
lib: /Users/dem/.gradle/caches/modules-2/files-2.1/com.mojang/logging/1.1.1/832b8e6674a9b325a5175a3a6267dfaf34c85139/logging-1.1.1.jar
lib: /Users/dem/.gradle/caches/modules-2/files-2.1/com.github.oshi/oshi-core/6.2.2/54f5efc19bca95d709d9a37d19ffcbba3d21c1a6/oshi-core-6.2.2.jar
lib: /Users/dem/.gradle/caches/modules-2/files-2.1/com.google.guava/failureaccess/1.0.1/1dcf1de382a0bf95a3d8b0849546c88bac1292c9/failureaccess-1.0.1.jar
lib: /Users/dem/.gradle/caches/modules-2/files-2.1/com.ibm.icu/icu4j/61.1/28d33b5e44e72edcc66a5da7a34a42147f38d987/icu4j-61.1.jar
lib: /Users/dem/.gradle/caches/modules-2/files-2.1/com.mojang/authlib/4.0.43/2ff9d747a77570a07a60d32ac77eb6162ad2a2d9/authlib-4.0.43.jar
lib: /Users/dem/.gradle/caches/modules-2/files-2.1/com.mojang/blocklist/1.0.10/5c685c5ffa94c4cd39496c7184c1d122e515ecef/blocklist-1.0.10.jar
lib: /Users/dem/.gradle/caches/modules-2/files-2.1/com.mojang/brigadier/1.1.8/5244ce82c3337bba4a196a3ce858bfaecc74404a/brigadier-1.1.8.jar
lib: /Users/dem/.gradle/caches/modules-2/files-2.1/com.mojang/datafixerupper/6.0.8/3ba4a30557a9b057760af4011f909ba619fc5125/datafixerupper-6.0.8.jar
lib: /Users/dem/.gradle/caches/modules-2/files-2.1/com.mojang/patchy/2.2.10/da05971b07cbb379d002cf7eaec6a2048211fefc/patchy-2.2.10.jar
lib: /Users/dem/.gradle/caches/modules-2/files-2.1/com.mojang/text2speech/1.17.9/3cad216e3a7f0c19b4b394388bc9ffc446f13b14/text2speech-1.17.9.jar
lib: /Users/dem/.gradle/caches/modules-2/files-2.1/commons-codec/commons-codec/1.15/49d94806b6e3dc933dacbd8acb0fdbab8ebd1e5d/commons-codec-1.15.jar
lib: /Users/dem/.gradle/caches/modules-2/files-2.1/commons-io/commons-io/2.11.0/a2503f302b11ebde7ebc3df41daebe0e4eea3689/commons-io-2.11.0.jar
lib: /Users/dem/.gradle/caches/modules-2/files-2.1/commons-logging/commons-logging/1.2/4bfc12adfe4842bf07b657f0369c4cb522955686/commons-logging-1.2.jar
lib: /Users/dem/.gradle/caches/modules-2/files-2.1/io.netty/netty-buffer/4.1.82.Final/a544270cf1ae8b8077082f5036436a9a9971ea71/netty-buffer-4.1.82.Final.jar
lib: /Users/dem/.gradle/caches/modules-2/files-2.1/io.netty/netty-codec/4.1.82.Final/b77200379acb345a9ffdece1c605e591ac3e4e0a/netty-codec-4.1.82.Final.jar
lib: /Users/dem/.gradle/caches/modules-2/files-2.1/io.netty/netty-common/4.1.82.Final/22d148e85c3f5ebdacc0ce1f5aabb1d420f73f3/netty-common-4.1.82.Final.jar
lib: /Users/dem/.gradle/caches/modules-2/files-2.1/io.netty/netty-handler/4.1.82.Final/644041d1fa96a5d3130a29e8978630d716d76e38/netty-handler-4.1.82.Final.jar
lib: /Users/dem/.gradle/caches/modules-2/files-2.1/io.netty/netty-resolver/4.1.82.Final/38f665ae8dcd29032eea31245ba7806bed2e0fa8/netty-resolver-4.1.82.Final.jar
lib: /Users/dem/.gradle/caches/modules-2/files-2.1/io.netty/netty-transport-classes-epoll/4.1.82.Final/e7c7dd18deac93105797f30057c912651ea76521/netty-transport-classes-epoll-4.1.82.Final.jar
lib: /Users/dem/.gradle/caches/modules-2/files-2.1/io.netty/netty-transport-native-unix-common/4.1.82.Final/3e895b35ca1b8a0eca56cacff4c2dde5d2c6abce/netty-transport-native-unix-common-4.1.82.Final.jar
lib: /Users/dem/.gradle/caches/modules-2/files-2.1/io.netty/netty-transport/4.1.82.Final/e431a218d91acb6476ccad5f5aafde50aa3945ca/netty-transport-4.1.82.Final.jar
lib: /Users/dem/.gradle/caches/modules-2/files-2.1/it.unimi.dsi/fastutil/8.5.9/bb7ea75ecdb216654237830b3a96d87ad91f8cc5/fastutil-8.5.9.jar
lib: /Users/dem/.gradle/caches/modules-2/files-2.1/net.java.dev.jna/jna-platform/5.12.1/97406a297c852f4a41e688a176ec675f72e8329/jna-platform-5.12.1.jar
lib: /Users/dem/.gradle/caches/modules-2/files-2.1/net.java.dev.jna/jna/5.12.1/b1e93a735caea94f503e95e6fe79bf9cdc1e985d/jna-5.12.1.jar
lib: /Users/dem/.gradle/caches/modules-2/files-2.1/net.sf.jopt-simple/jopt-simple/5.0.4/4fdac2fbe92dfad86aa6e9301736f6b4342a3f5c/jopt-simple-5.0.4.jar
lib: /Users/dem/.gradle/caches/modules-2/files-2.1/org.apache.commons/commons-compress/1.21/4ec95b60d4e86b5c95a0e919cb172a0af98011ef/commons-compress-1.21.jar
lib: /Users/dem/.gradle/caches/modules-2/files-2.1/org.apache.httpcomponents/httpclient/4.5.13/e5f6cae5ca7ecaac1ec2827a9e2d65ae2869cada/httpclient-4.5.13.jar
lib: /Users/dem/.gradle/caches/modules-2/files-2.1/org.apache.httpcomponents/httpcore/4.4.15/7f2e0c573eaa7a74bac2e89b359e1f73d92a0a1d/httpcore-4.4.15.jar
lib: /Users/dem/.gradle/caches/modules-2/files-2.1/org.apache.logging.log4j/log4j-slf4j2-impl/2.19.0/5c04bfdd63ce9dceb2e284b81e96b6a70010ee10/log4j-slf4j2-impl-2.19.0.jar
lib: /Users/dem/.gradle/caches/modules-2/files-2.1/org.joml/joml/1.10.5/22566d58af70ad3d72308bab63b8339906deb649/joml-1.10.5.jar
lib: /Users/dem/.gradle/caches/modules-2/files-2.1/org.lwjgl/lwjgl-glfw/3.3.1/cbac1b8d30cb4795149c1ef540f912671a8616d0/lwjgl-glfw-3.3.1.jar
lib: /Users/dem/.gradle/caches/modules-2/files-2.1/org.lwjgl/lwjgl-jemalloc/3.3.1/a817bcf213db49f710603677457567c37d53e103/lwjgl-jemalloc-3.3.1.jar
lib: /Users/dem/.gradle/caches/modules-2/files-2.1/org.lwjgl/lwjgl-openal/3.3.1/2623a6b8ae1dfcd880738656a9f0243d2e6840bd/lwjgl-openal-3.3.1.jar
lib: /Users/dem/.gradle/caches/modules-2/files-2.1/org.lwjgl/lwjgl-opengl/3.3.1/831a5533a21a5f4f81bbc51bb13e9899319b5411/lwjgl-opengl-3.3.1.jar
lib: /Users/dem/.gradle/caches/modules-2/files-2.1/org.lwjgl/lwjgl-stb/3.3.1/b119297cf8ed01f247abe8685857f8e7fcf5980f/lwjgl-stb-3.3.1.jar
lib: /Users/dem/.gradle/caches/modules-2/files-2.1/org.lwjgl/lwjgl-tinyfd/3.3.1/ff1914111ef2e3e0110ef2dabc8d8cdaad82347/lwjgl-tinyfd-3.3.1.jar
lib: /Users/dem/.gradle/caches/modules-2/files-2.1/org.lwjgl/lwjgl/3.3.1/ae58664f88e18a9bb2c77b063833ca7aaec484cb/lwjgl-3.3.1.jar
lib: /Users/dem/.gradle/caches/modules-2/files-2.1/ca.weblite/java-objc-bridge/1.1/1227f9e0666314f9de41477e3ec277e542ed7f7b/java-objc-bridge-1.1.jar
lib: /Users/dem/.gradle/caches/modules-2/files-2.1/org.antlr/ST4/4.3/92f2c1ad8d84abcbeead6cf7f2c53a04166293c2/ST4-4.3.jar
lib: /Users/dem/.gradle/caches/modules-2/files-2.1/org.antlr/antlr-runtime/3.5.2/cd9cd41361c155f3af0f653009dcecb08d8b4afd/antlr-runtime-3.5.2.jar
lib: /Users/dem/.gradle/caches/modules-2/files-2.1/org.abego.treelayout/org.abego.treelayout.core/1.0.3/457216e8e6578099ae63667bb1e4439235892028/org.abego.treelayout.core-1.0.3.jar
lib: /Users/dem/.gradle/caches/modules-2/files-2.1/org.glassfish/javax.json/1.0.4/3178f73569fd7a1e5ffc464e680f7a8cc784b85a/javax.json-1.0.4.jar
lib: /Users/dem/.gradle/caches/modules-2/files-2.1/com.google.guava/listenablefuture/9999.0-empty-to-avoid-conflict-with-guava/b421526c5f297295adef1c886e5246c39d4ac629/listenablefuture-9999.0-empty-to-avoid-conflict-with-guava.jar
lib: /Users/dem/.gradle/caches/modules-2/files-2.1/com.google.code.findbugs/jsr305/3.0.2/25ea2e8b0c338a877313bd4672d3fe056ea78f0d/jsr305-3.0.2.jar
lib: /Users/dem/.gradle/caches/modules-2/files-2.1/org.checkerframework/checker-qual/3.12.0/d5692f0526415fcc6de94bb5bfbd3afd9dd3b3e5/checker-qual-3.12.0.jar
lib: /Users/dem/.gradle/caches/modules-2/files-2.1/com.google.errorprone/error_prone_annotations/2.11.0/c5a0ace696d3f8b1c1d8cc036d8c03cc0cbe6b69/error_prone_annotations-2.11.0.jar
lib: /Users/dem/.gradle/caches/modules-2/files-2.1/com.google.j2objc/j2objc-annotations/1.3/ba035118bc8bac37d7eff77700720999acd9986d/j2objc-annotations-1.3.jar
log: null
input: /Users/dem/Desktop/CloudCode/Brain/herb-smoking-forge/build/devlibs/herb-smoking-forge-1.0.0.jar
output: /Users/dem/Desktop/CloudCode/Brain/herb-smoking-forge/build/libs/herb-smoking-forge-1.0.0.jar
threads: 12
Names: /Users/dem/Desktop/CloudCode/Brain/herb-smoking-forge/build/moddev/artifacts/namedToIntermediate.tsrg(reversed: false)
Fix Annotations: false
Unfinal Parameters: false
Fix Records: false
Fix Identifiers: false
Fix SourceFile: false
Fix Line Numbers: false
Strip codesigning signatures: ALL
Adding Libraries to Inheritance
Reading Input: /Users/dem/Desktop/CloudCode/Brain/herb-smoking-forge/build/devlibs/herb-smoking-forge-1.0.0.jar
Adding input to inheritance map
Processing entries
Conflicting propagated mapping for pl/daniel/herbsmoking/item/HerbJointItem/getUseAnimation(Lnet/minecraft/world/item/ItemStack;)Lnet/minecraft/world/item/UseAnim; from net/minecraft/world/item/Item/getUseAnimation(Lnet/minecraft/world/item/ItemStack;)Lnet/minecraft/world/item/UseAnim;: getUseAnimation -> m_6164_
Conflicting propagated mapping for pl/daniel/herbsmoking/item/HerbJointItem/use(Lnet/minecraft/world/level/Level;Lnet/minecraft/world/entity/player/Player;Lnet/minecraft/world/InteractionHand;)Lnet/minecraft/world/InteractionResultHolder; from net/minecraft/world/item/Item/use(Lnet/minecraft/world/level/Level;Lnet/minecraft/world/entity/player/Player;Lnet/minecraft/world/InteractionHand;)Lnet/minecraft/world/InteractionResultHolder;: use -> m_7203_
Conflicting propagated mapping for pl/daniel/herbsmoking/item/HerbJointItem/getUseDuration(Lnet/minecraft/world/item/ItemStack;)I from net/minecraft/world/item/Item/getUseDuration(Lnet/minecraft/world/item/ItemStack;)I: getUseDuration -> m_8105_
Conflicting propagated mapping for pl/daniel/herbsmoking/item/HerbJointItem/finishUsingItem(Lnet/minecraft/world/item/ItemStack;Lnet/minecraft/world/level/Level;Lnet/minecraft/world/entity/LivingEntity;)Lnet/minecraft/world/item/ItemStack; from net/minecraft/world/item/Item/finishUsingItem(Lnet/minecraft/world/item/ItemStack;Lnet/minecraft/world/level/Level;Lnet/minecraft/world/entity/LivingEntity;)Lnet/minecraft/world/item/ItemStack;: finishUsingItem -> m_5922_
Conflicting propagated mapping for pl/daniel/herbsmoking/item/HerbJointItem/isFoil(Lnet/minecraft/world/item/ItemStack;)Z from net/minecraft/world/item/Item/isFoil(Lnet/minecraft/world/item/ItemStack;)Z: isFoil -> m_5812_
Conflicting propagated mapping for pl/daniel/herbsmoking/block/BongBlockEntity/load(Lnet/minecraft/nbt/CompoundTag;)V from net/minecraft/world/level/block/entity/BlockEntity/load(Lnet/minecraft/nbt/CompoundTag;)V: load -> m_142466_
Conflicting propagated mapping for pl/daniel/herbsmoking/block/BongBlockEntity/saveAdditional(Lnet/minecraft/nbt/CompoundTag;)V from net/minecraft/world/level/block/entity/BlockEntity/saveAdditional(Lnet/minecraft/nbt/CompoundTag;)V: saveAdditional -> m_183515_
Conflicting propagated mapping for pl/daniel/herbsmoking/item/ModItems$1/useOn(Lnet/minecraft/world/item/context/UseOnContext;)Lnet/minecraft/world/InteractionResult; from net/minecraft/world/item/BlockItem/useOn(Lnet/minecraft/world/item/context/UseOnContext;)Lnet/minecraft/world/InteractionResult;: useOn -> m_6225_
Conflicting propagated mapping for pl/daniel/herbsmoking/block/BongBlockEntity/getContainerSize()I from net/minecraft/world/Container/getContainerSize()I: getContainerSize -> m_6643_
Conflicting propagated mapping for pl/daniel/herbsmoking/block/BongBlockEntity/setItem(ILnet/minecraft/world/item/ItemStack;)V from net/minecraft/world/Container/setItem(ILnet/minecraft/world/item/ItemStack;)V: setItem -> m_6836_
Conflicting propagated mapping for pl/daniel/herbsmoking/block/BongBlockEntity/removeItem(II)Lnet/minecraft/world/item/ItemStack; from net/minecraft/world/Container/removeItem(II)Lnet/minecraft/world/item/ItemStack;: removeItem -> m_7407_
Conflicting propagated mapping for pl/daniel/herbsmoking/block/BongBlockEntity/getItem(I)Lnet/minecraft/world/item/ItemStack; from net/minecraft/world/Container/getItem(I)Lnet/minecraft/world/item/ItemStack;: getItem -> m_8020_
Conflicting propagated mapping for pl/daniel/herbsmoking/block/BongBlockEntity/clearContent()V from net/minecraft/world/Clearable/clearContent()V: clearContent -> m_6211_
Conflicting propagated mapping for pl/daniel/herbsmoking/block/BongBlockEntity/isEmpty()Z from net/minecraft/world/Container/isEmpty()Z: isEmpty -> m_7983_
Conflicting propagated mapping for pl/daniel/herbsmoking/block/BongBlockEntity/removeItemNoUpdate(I)Lnet/minecraft/world/item/ItemStack; from net/minecraft/world/Container/removeItemNoUpdate(I)Lnet/minecraft/world/item/ItemStack;: removeItemNoUpdate -> m_8016_
Conflicting propagated mapping for pl/daniel/herbsmoking/block/BongBlockEntity/stillValid(Lnet/minecraft/world/entity/player/Player;)Z from net/minecraft/world/Container/stillValid(Lnet/minecraft/world/entity/player/Player;)Z: stillValid -> m_6542_
Conflicting propagated mapping for pl/daniel/herbsmoking/block/BongBlockEntity/getMaxStackSize()I from net/minecraft/world/Container/getMaxStackSize()I: getMaxStackSize -> m_6893_
Conflicting propagated mapping for net/minecraftforge/event/BuildCreativeModeTabContentsEvent/accept(Lnet/minecraft/world/item/ItemStack;Lnet/minecraft/world/item/CreativeModeTab$TabVisibility;)V from net/minecraft/world/item/CreativeModeTab$Output/accept(Lnet/minecraft/world/item/ItemStack;Lnet/minecraft/world/item/CreativeModeTab$TabVisibility;)V: accept -> m_246267_
Conflicting propagated mapping for pl/daniel/herbsmoking/block/HerbCropBlock/getMaxAge()I from net/minecraft/world/level/block/CropBlock/getMaxAge()I: getMaxAge -> m_7419_
Conflicting propagated mapping for pl/daniel/herbsmoking/block/HerbCropBlock/mayPlaceOn(Lnet/minecraft/world/level/block/state/BlockState;Lnet/minecraft/world/level/BlockGetter;Lnet/minecraft/core/BlockPos;)Z from net/minecraft/world/level/block/CropBlock/mayPlaceOn(Lnet/minecraft/world/level/block/state/BlockState;Lnet/minecraft/world/level/BlockGetter;Lnet/minecraft/core/BlockPos;)Z: mayPlaceOn -> m_6266_
Conflicting propagated mapping for pl/daniel/herbsmoking/block/HerbCropBlock/getAgeProperty()Lnet/minecraft/world/level/block/state/properties/IntegerProperty; from net/minecraft/world/level/block/CropBlock/getAgeProperty()Lnet/minecraft/world/level/block/state/properties/IntegerProperty;: getAgeProperty -> m_7959_
Conflicting propagated mapping for pl/daniel/herbsmoking/block/HerbCropBlock/getBaseSeedId()Lnet/minecraft/world/level/ItemLike; from net/minecraft/world/level/block/CropBlock/getBaseSeedId()Lnet/minecraft/world/level/ItemLike;: getBaseSeedId -> m_6404_
Conflicting propagated mapping for pl/daniel/herbsmoking/block/HerbCropBlock/getShape(Lnet/minecraft/world/level/block/state/BlockState;Lnet/minecraft/world/level/BlockGetter;Lnet/minecraft/core/BlockPos;Lnet/minecraft/world/phys/shapes/CollisionContext;)Lnet/minecraft/world/phys/shapes/VoxelShape; from net/minecraft/world/level/block/CropBlock/getShape(Lnet/minecraft/world/level/block/state/BlockState;Lnet/minecraft/world/level/BlockGetter;Lnet/minecraft/core/BlockPos;Lnet/minecraft/world/phys/shapes/CollisionContext;)Lnet/minecraft/world/phys/shapes/VoxelShape;: getShape -> m_5940_
Conflicting propagated mapping for pl/daniel/herbsmoking/block/HerbCropBlock/randomTick(Lnet/minecraft/world/level/block/state/BlockState;Lnet/minecraft/server/level/ServerLevel;Lnet/minecraft/core/BlockPos;Lnet/minecraft/util/RandomSource;)V from net/minecraft/world/level/block/CropBlock/randomTick(Lnet/minecraft/world/level/block/state/BlockState;Lnet/minecraft/server/level/ServerLevel;Lnet/minecraft/core/BlockPos;Lnet/minecraft/util/RandomSource;)V: randomTick -> m_213898_
Conflicting propagated mapping for pl/daniel/herbsmoking/block/HerbCropBlock/createBlockStateDefinition(Lnet/minecraft/world/level/block/state/StateDefinition$Builder;)V from net/minecraft/world/level/block/CropBlock/createBlockStateDefinition(Lnet/minecraft/world/level/block/state/StateDefinition$Builder;)V: createBlockStateDefinition -> m_7926_
Conflicting propagated mapping for pl/daniel/herbsmoking/block/BongBlock/onRemove(Lnet/minecraft/world/level/block/state/BlockState;Lnet/minecraft/world/level/Level;Lnet/minecraft/core/BlockPos;Lnet/minecraft/world/level/block/state/BlockState;Z)V from net/minecraft/world/level/block/state/BlockBehaviour/onRemove(Lnet/minecraft/world/level/block/state/BlockState;Lnet/minecraft/world/level/Level;Lnet/minecraft/core/BlockPos;Lnet/minecraft/world/level/block/state/BlockState;Z)V: onRemove -> m_6810_
Conflicting propagated mapping for pl/daniel/herbsmoking/block/BongBlock/getTicker(Lnet/minecraft/world/level/Level;Lnet/minecraft/world/level/block/state/BlockState;Lnet/minecraft/world/level/block/entity/BlockEntityType;)Lnet/minecraft/world/level/block/entity/BlockEntityTicker; from net/minecraft/world/level/block/EntityBlock/getTicker(Lnet/minecraft/world/level/Level;Lnet/minecraft/world/level/block/state/BlockState;Lnet/minecraft/world/level/block/entity/BlockEntityType;)Lnet/minecraft/world/level/block/entity/BlockEntityTicker;: getTicker -> m_142354_
Conflicting propagated mapping for pl/daniel/herbsmoking/block/BongBlock/newBlockEntity(Lnet/minecraft/core/BlockPos;Lnet/minecraft/world/level/block/state/BlockState;)Lnet/minecraft/world/level/block/entity/BlockEntity; from net/minecraft/world/level/block/EntityBlock/newBlockEntity(Lnet/minecraft/core/BlockPos;Lnet/minecraft/world/level/block/state/BlockState;)Lnet/minecraft/world/level/block/entity/BlockEntity;: newBlockEntity -> m_142194_
Conflicting propagated mapping for pl/daniel/herbsmoking/block/BongBlock/getRenderShape(Lnet/minecraft/world/level/block/state/BlockState;)Lnet/minecraft/world/level/block/RenderShape; from net/minecraft/world/level/block/BaseEntityBlock/getRenderShape(Lnet/minecraft/world/level/block/state/BlockState;)Lnet/minecraft/world/level/block/RenderShape;: getRenderShape -> m_7514_
Conflicting propagated mapping for pl/daniel/herbsmoking/block/BongBlock/createBlockStateDefinition(Lnet/minecraft/world/level/block/state/StateDefinition$Builder;)V from net/minecraft/world/level/block/Block/createBlockStateDefinition(Lnet/minecraft/world/level/block/state/StateDefinition$Builder;)V: createBlockStateDefinition -> m_7926_
Conflicting propagated mapping for net/minecraft/world/entity/LivingEntity/lambda$addAdditionalSaveData$3(Lnet/minecraft/nbt/CompoundTag;Lnet/minecraft/nbt/Tag;)V from net/minecraft/world/entity/player/Player/lambda$addAdditionalSaveData$3(Lnet/minecraft/nbt/CompoundTag;Lnet/minecraft/nbt/Tag;)V: lambda$addAdditionalSaveData$3 -> m_219754_
Adding extras
Sorting
Writing Output: /Users/dem/Desktop/CloudCode/Brain/herb-smoking-forge/build/libs/herb-smoking-forge-1.0.0.jar
  META-INF/
  META-INF/MANIFEST.MF
  META-INF/mods.toml
  assets/
  assets/herbsmoking/
  assets/herbsmoking/blockstates/
  assets/herbsmoking/blockstates/bong.json
  assets/herbsmoking/blockstates/herb_crop_cbd.json
  assets/herbsmoking/blockstates/herb_crop_indica.json
  assets/herbsmoking/blockstates/herb_crop_sativa.json
  assets/herbsmoking/lang/
  assets/herbsmoking/lang/en_us.json
  assets/herbsmoking/lang/pl_pl.json
  assets/herbsmoking/models/
  assets/herbsmoking/models/block/
  assets/herbsmoking/models/block/bong.json
  assets/herbsmoking/models/block/bong_lit.json
  assets/herbsmoking/models/block/bong_water.json
  assets/herbsmoking/models/block/bong_water_lit.json
  assets/herbsmoking/models/block/herb_crop_cbd_stage0.json
  assets/herbsmoking/models/block/herb_crop_cbd_stage1.json
  assets/herbsmoking/models/block/herb_crop_cbd_stage2.json
  assets/herbsmoking/models/block/herb_crop_cbd_stage3.json
  assets/herbsmoking/models/block/herb_crop_cbd_stage4.json
  assets/herbsmoking/models/block/herb_crop_cbd_stage5.json
  assets/herbsmoking/models/block/herb_crop_cbd_stage6.json
  assets/herbsmoking/models/block/herb_crop_cbd_stage7.json
  assets/herbsmoking/models/block/herb_crop_indica_stage0.json
  assets/herbsmoking/models/block/herb_crop_indica_stage1.json
  assets/herbsmoking/models/block/herb_crop_indica_stage2.json
  assets/herbsmoking/models/block/herb_crop_indica_stage3.json
  assets/herbsmoking/models/block/herb_crop_indica_stage4.json
  assets/herbsmoking/models/block/herb_crop_indica_stage5.json
  assets/herbsmoking/models/block/herb_crop_indica_stage6.json
  assets/herbsmoking/models/block/herb_crop_indica_stage7.json
  assets/herbsmoking/models/block/herb_crop_sativa_stage0.json
  assets/herbsmoking/models/block/herb_crop_sativa_stage1.json
  assets/herbsmoking/models/block/herb_crop_sativa_stage2.json
  assets/herbsmoking/models/block/herb_crop_sativa_stage3.json
  assets/herbsmoking/models/block/herb_crop_sativa_stage4.json
  assets/herbsmoking/models/block/herb_crop_sativa_stage5.json
  assets/herbsmoking/models/block/herb_crop_sativa_stage6.json
  assets/herbsmoking/models/block/herb_crop_sativa_stage7.json
  assets/herbsmoking/models/item/
  assets/herbsmoking/models/item/bong.json
  assets/herbsmoking/models/item/dried_herb_cbd.json
  assets/herbsmoking/models/item/dried_herb_indica.json
  assets/herbsmoking/models/item/dried_herb_sativa.json
  assets/herbsmoking/models/item/fresh_herb_cbd.json
  assets/herbsmoking/models/item/fresh_herb_indica.json
  assets/herbsmoking/models/item/fresh_herb_sativa.json
  assets/herbsmoking/models/item/herb_bowl.json
  assets/herbsmoking/models/item/herb_joint_cbd.json
  assets/herbsmoking/models/item/herb_joint_indica.json
  assets/herbsmoking/models/item/herb_joint_sativa.json
  assets/herbsmoking/models/item/herb_seeds_cbd.json
  assets/herbsmoking/models/item/herb_seeds_indica.json
  assets/herbsmoking/models/item/herb_seeds_sativa.json
  assets/herbsmoking/models/item/rolling_paper.json
  data/
  data/herbsmoking/
  data/herbsmoking/recipes/
  data/herbsmoking/recipes/joint_cbd.json
  data/herbsmoking/recipes/joint_indica.json
  data/herbsmoking/recipes/joint_sativa.json
  pl/
  pl/daniel/
  pl/daniel/herbsmoking/
  pl/daniel/herbsmoking/HerbSmokingMod.class
  pl/daniel/herbsmoking/block/
  pl/daniel/herbsmoking/block/BongBlock.class
  pl/daniel/herbsmoking/block/BongBlockEntity.class
  pl/daniel/herbsmoking/block/HerbCropBlock.class
  pl/daniel/herbsmoking/block/ModBlocks.class
  pl/daniel/herbsmoking/effect/
  pl/daniel/herbsmoking/effect/ModEffects$HerbEffect.class
  pl/daniel/herbsmoking/effect/ModEffects.class
  pl/daniel/herbsmoking/herb/
  pl/daniel/herbsmoking/herb/HerbRegistry.class
  pl/daniel/herbsmoking/herb/HerbType$EffectEntry.class
  pl/daniel/herbsmoking/herb/HerbType.class
  pl/daniel/herbsmoking/item/
  pl/daniel/herbsmoking/item/HerbJointItem.class
  pl/daniel/herbsmoking/item/ModItems$1.class
  pl/daniel/herbsmoking/item/ModItems.class
